// Jest Snapshot v1, https://goo.gl/fbAQLP

exports[`App should render App component for route /products 1`] = `
<Router
  history={
    Object {
      "action": "POP",
      "block": [Function],
      "createHref": [Function],
      "go": [Function],
      "goBack": [Function],
      "goForward": [Function],
      "listen": [Function],
      "location": Object {
        "hash": "",
        "pathname": "/products",
        "search": "",
        "state": undefined,
      },
      "push": [Function],
      "replace": [Function],
    }
  }
  staticContext={Object {}}
>
  <App />
</Router>
`;
